Evaluación 1  Practica 4 Create Table Student
Microsoft Windows [Versión 10.0.26100.4946]
(c) Microsoft Corporation. Todos los derechos reservados.

C:\Users\danie>mysqlsh
MySQL Shell 8.0.43

Copyright (c) 2016, 2025, Oracle and/or its affiliates.
Oracle is a registered trademark of Oracle Corporation and/or its affiliates.
Other names may be trademarks of their respective owners.

Type '\help' or '\?' for help; '\quit' to exit.
 MySQL  JS > \sql
Switching to SQL mode... Commands end with ;
 MySQL  SQL > \connect --mc root@localhost
Creating a Classic session to 'root@localhost'
Fetching global names for auto-completion... Press ^C to stop.
Your MySQL connection id is 21
Server version: 8.0.43 MySQL Community Server - GPL
No default schema selected; type \use <schema> to set one.
 MySQL  localhost:3306 ssl  SQL > show databases;
+--------------------+
| Database           |
+--------------------+
| information_schema |
| mysql              |
| performance_schema |
| prueba             |
| sakila             |
| sys                |
| tbd                |
| world              |
+--------------------+
8 rows in set (0.0016 sec)
 MySQL  localhost:3306 ssl  SQL > use tbd;
Default schema set to `tbd`.
Fetching global names, object names from `tbd` for auto-completion... Press ^C to stop.
 MySQL  localhost:3306 ssl  tbd  SQL > show tables;
+---------------+
| Tables_in_tbd |
+---------------+
| customer      |
| persona       |
+---------------+
2 rows in set (0.0019 sec)
 MySQL  localhost:3306 ssl  tbd  SQL > drop table customer;
Query OK, 0 rows affected (0.0292 sec)
 MySQL  localhost:3306 ssl  tbd  SQL > show tables;
+---------------+
| Tables_in_tbd |
+---------------+
| persona       |
+---------------+
1 row in set (0.0022 sec)
 MySQL  localhost:3306 ssl  tbd  SQL > desc table persona;
+----+-------------+---------+------------+------+---------------+------+---------+------+------+----------+-------+
| id | select_type | table   | partitions | type | possible_keys | key  | key_len | ref  | rows | filtered | Extra |
+----+-------------+---------+------------+------+---------------+------+---------+------+------+----------+-------+
|  1 | SIMPLE      | persona | NULL       | ALL  | NULL          | NULL | NULL    | NULL |    1 |      100 | NULL  |
+----+-------------+---------+------------+------+---------------+------+---------+------+------+----------+-------+
1 row in set, 1 warning (0.0008 sec)
Note (code 1003): /* select#1 */ select `tbd`.`persona`.`id` AS `id`,`tbd`.`persona`.`nombre` AS `nombre`,`tbd`.`persona`.`apellidos` AS `apellidos` from `tbd`.`persona`
 MySQL  localhost:3306 ssl  tbd  SQL > desc persona;
+-----------+-------------+------+-----+---------+-------+
| Field     | Type        | Null | Key | Default | Extra |
+-----------+-------------+------+-----+---------+-------+
| id        | int         | YES  |     | NULL    |       |
| nombre    | varchar(50) | YES  |     | NULL    |       |
| apellidos | varchar(50) | YES  |     | NULL    |       |
+-----------+-------------+------+-----+---------+-------+
3 rows in set (0.0019 sec)
 MySQL  localhost:3306 ssl  tbd  SQL > show create table persona;
+---------+--------------------------------------------------------------------------------------------------------------------------------------------------------------------------------------------------+
| Table   | Create Table

                             |
+---------+--------------------------------------------------------------------------------------------------------------------------------------------------------------------------------------------------+
| persona | CREATE TABLE `persona` (
  `id` int DEFAULT NULL,
  `nombre` varchar(50) DEFAULT NULL,
  `apellidos` varchar(50) DEFAULT NULL
) ENGINE=InnoDB DEFAULT CHARSET=utf8mb4 COLLATE=utf8mb4_0900_ai_ci |
+---------+--------------------------------------------------------------------------------------------------------------------------------------------------------------------------------------------------+
1 row in set (0.0007 sec)
 MySQL  localhost:3306 ssl  tbd  SQL > create table customer(
                                    -> cust_id int,
                                    -> cust_name varchar (50),
                                    -> address varchar (100),
                                    -> phone varchar (50));
Query OK, 0 rows affected (0.0299 sec)
 MySQL  localhost:3306 ssl  tbd  SQL > show tables;
+---------------+
| Tables_in_tbd |
+---------------+
| customer      |
| persona       |
+---------------+
2 rows in set (0.0027 sec)
 MySQL  localhost:3306 ssl  tbd  SQL > desc table customer;
+----+-------------+----------+------------+------+---------------+------+---------+------+------+----------+-------+
| id | select_type | table    | partitions | type | possible_keys | key  | key_len | ref  | rows | filtered | Extra |
+----+-------------+----------+------------+------+---------------+------+---------+------+------+----------+-------+
|  1 | SIMPLE      | customer | NULL       | ALL  | NULL          | NULL | NULL    | NULL |    1 |      100 | NULL  |
+----+-------------+----------+------------+------+---------------+------+---------+------+------+----------+-------+
1 row in set, 1 warning (0.0015 sec)
Note (code 1003): /* select#1 */ select `tbd`.`customer`.`cust_id` AS `cust_id`,`tbd`.`customer`.`cust_name` AS `cust_name`,`tbd`.`customer`.`address` AS `address`,`tbd`.`customer`.`phone` AS `phone` from `tbd`.`customer`
 MySQL  localhost:3306 ssl  tbd  SQL > desc persona;
+-----------+-------------+------+-----+---------+-------+
| Field     | Type        | Null | Key | Default | Extra |
+-----------+-------------+------+-----+---------+-------+
| id        | int         | YES  |     | NULL    |       |
| nombre    | varchar(50) | YES  |     | NULL    |       |
| apellidos | varchar(50) | YES  |     | NULL    |       |
+-----------+-------------+------+-----+---------+-------+
3 rows in set (0.0023 sec)
 MySQL  localhost:3306 ssl  tbd  SQL > desc customer;
+-----------+--------------+------+-----+---------+-------+
| Field     | Type         | Null | Key | Default | Extra |
+-----------+--------------+------+-----+---------+-------+
| cust_id   | int          | YES  |     | NULL    |       |
| cust_name | varchar(50)  | YES  |     | NULL    |       |
| address   | varchar(100) | YES  |     | NULL    |       |
| phone     | varchar(50)  | YES  |     | NULL    |       |
+-----------+--------------+------+-----+---------+-------+
4 rows in set (0.0023 sec)
 MySQL  localhost:3306 ssl  tbd  SQL > show create table customer;
+----------+----------------------------------------------------------------------------------------------------------------------------------------------------------------------------------------------------------------------------------------------+
| Table    | Create Table

                                                                          |
+----------+----------------------------------------------------------------------------------------------------------------------------------------------------------------------------------------------------------------------------------------------+
| customer | CREATE TABLE `customer` (
  `cust_id` int DEFAULT NULL,
  `cust_name` varchar(50) DEFAULT NULL,
  `address` varchar(100) DEFAULT NULL,
  `phone` varchar(50) DEFAULT NULL
) ENGINE=InnoDB DEFAULT CHARSET=utf8mb4 COLLATE=utf8mb4_0900_ai_ci |
+----------+----------------------------------------------------------------------------------------------------------------------------------------------------------------------------------------------------------------------------------------------+
1 row in set (0.0012 sec)
 MySQL  localhost:3306 ssl  tbd  SQL > drop table customer;
Query OK, 0 rows affected (0.0231 sec)
 MySQL  localhost:3306 ssl  tbd  SQL > create table customer('
                                    '>
                                    '> ;
                                    '> show tables;
                                    '> ';
ERROR: 1064 (42000): You have an error in your SQL syntax; check the manual that corresponds to your MySQL server version for the right syntax to use near ''

;
show tables;
'' at line 1
 MySQL  localhost:3306 ssl  tbd  SQL > create table customer(
                                    -> cust_id int,
                                    -> ;
ERROR: 1064 (42000): You have an error in your SQL syntax; check the manual that corresponds to your MySQL server version for the right syntax to use near '' at line 2
 MySQL  localhost:3306 ssl  tbd  SQL > create table customer(
                                    -> cust_id int not null,
                                    -> cust_name varchar (50) not null,
                                    -> address varchar (100) null,
                                    -> phone varchar (15) not null);
Query OK, 0 rows affected (0.0516 sec)
 MySQL  localhost:3306 ssl  tbd  SQL > desc table customer;
+----+-------------+----------+------------+------+---------------+------+---------+------+------+----------+-------+
| id | select_type | table    | partitions | type | possible_keys | key  | key_len | ref  | rows | filtered | Extra |
+----+-------------+----------+------------+------+---------------+------+---------+------+------+----------+-------+
|  1 | SIMPLE      | customer | NULL       | ALL  | NULL          | NULL | NULL    | NULL |    1 |      100 | NULL  |
+----+-------------+----------+------------+------+---------------+------+---------+------+------+----------+-------+
1 row in set, 1 warning (0.0023 sec)
Note (code 1003): /* select#1 */ select `tbd`.`customer`.`cust_id` AS `cust_id`,`tbd`.`customer`.`cust_name` AS `cust_name`,`tbd`.`customer`.`address` AS `address`,`tbd`.`customer`.`phone` AS `phone` from `tbd`.`customer`
 MySQL  localhost:3306 ssl  tbd  SQL > drop table customer;
Query OK, 0 rows affected (0.0242 sec)
 MySQL  localhost:3306 ssl  tbd  SQL > create table customer(
                                    -> cust_id int not null auto_increment key,
                                    -> cust_name varchar (50) not null,
                                    -> address varchar (100) null,
                                    -> phone varchar (15) not null );
Query OK, 0 rows affected (0.0327 sec)
 MySQL  localhost:3306 ssl  tbd  SQL > desc customer;
+-----------+--------------+------+-----+---------+----------------+
| Field     | Type         | Null | Key | Default | Extra          |
+-----------+--------------+------+-----+---------+----------------+
| cust_id   | int          | NO   | PRI | NULL    | auto_increment |
| cust_name | varchar(50)  | NO   |     | NULL    |                |
| address   | varchar(100) | YES  |     | NULL    |                |
| phone     | varchar(15)  | NO   |     | NULL    |                |
+-----------+--------------+------+-----+---------+----------------+
4 rows in set (0.0037 sec)
 MySQL  localhost:3306 ssl  tbd  SQL > desc table customer;
+----+-------------+----------+------------+------+---------------+------+---------+------+------+----------+-------+
| id | select_type | table    | partitions | type | possible_keys | key  | key_len | ref  | rows | filtered | Extra |
+----+-------------+----------+------------+------+---------------+------+---------+------+------+----------+-------+
|  1 | SIMPLE      | customer | NULL       | ALL  | NULL          | NULL | NULL    | NULL |    1 |      100 | NULL  |
+----+-------------+----------+------------+------+---------------+------+---------+------+------+----------+-------+
1 row in set, 1 warning (0.0028 sec)
Note (code 1003): /* select#1 */ select `tbd`.`customer`.`cust_id` AS `cust_id`,`tbd`.`customer`.`cust_name` AS `cust_name`,`tbd`.`customer`.`address` AS `address`,`tbd`.`customer`.`phone` AS `phone` from `tbd`.`customer`
 MySQL  localhost:3306 ssl  tbd  SQL > create table student(
                                    -> name varchar (50) not null,
                                    -> ssn varchar (50) not null key,
                                    -> home_phone (20) null,
                                    -> address varchar (100) null,
                                    -> office_phone varchar (50) null,
                                    -> age int not null,
                                    -> gpa decimal (6,2) not null);
ERROR: 1064 (42000): You have an error in your SQL syntax; check the manual that corresponds to your MySQL server version for the right syntax to use near '(20) null,
address varchar (100) null,
office_phone varchar (50) null,
age int n' at line 4
 MySQL  localhost:3306 ssl  tbd  SQL > create table student(
                                    -> name varchar (50) not null,
                                    -> ssn varchar (30) not null key,
                                    -> home_phone varchar (30) null,
                                    -> address varchar (100) not null,
                                    -> office_phone varchar (30) null,
                                    -> age int not null,
                                    -> gpa (6,2) not null );
ERROR: 1064 (42000): You have an error in your SQL syntax; check the manual that corresponds to your MySQL server version for the right syntax to use near '(6,2) not null )' at line 8
 MySQL  localhost:3306 ssl  tbd  SQL > create table student(
                                    -> name varchar (50) not null,
                                    -> ssn varchar (30) not null key,
                                    -> home_phone varchar (30) null,
                                    -> address varchar (100) not null,
                                    -> office_phone varchar (30) null,
                                    -> age int not null,
                                    -> gpa decimal(6,2) not null );
Query OK, 0 rows affected (0.0433 sec)
 MySQL  localhost:3306 ssl  tbd  SQL > desc student;
+--------------+--------------+------+-----+---------+-------+
| Field        | Type         | Null | Key | Default | Extra |
+--------------+--------------+------+-----+---------+-------+
| name         | varchar(50)  | NO   |     | NULL    |       |
| ssn          | varchar(30)  | NO   | PRI | NULL    |       |
| home_phone   | varchar(30)  | YES  |     | NULL    |       |
| address      | varchar(100) | NO   |     | NULL    |       |
| office_phone | varchar(30)  | YES  |     | NULL    |       |
| age          | int          | NO   |     | NULL    |       |
| gpa          | decimal(6,2) | NO   |     | NULL    |       |
+--------------+--------------+------+-----+---------+-------+